#-----------------------------------------------------------
# Vivado v2016.1 (64-bit)
# SW Build 1538259 on Fri Apr  8 15:45:27 MDT 2016
# IP Build 1537824 on Fri Apr  8 04:28:57 MDT 2016
# Start of session at: Mon Nov 13 07:49:55 2023
# Process ID: 32616
# Current directory: C:/Users/hafer/Desktop/VHDL/mc8051_basys3/hw/generate/artix7_xc7a35tcpg263_1/mc8051_rom/mc8051_rom
# Command line: vivado.exe -gui_launcher_event rodinguilauncherevent30784 C:\Users\hafer\Desktop\VHDL\mc8051_basys3\hw\generate\artix7_xc7a35tcpg263_1\mc8051_rom\mc8051_rom\mc8051_rom.dcp
# Log file: C:/Users/hafer/Desktop/VHDL/mc8051_basys3/hw/generate/artix7_xc7a35tcpg263_1/mc8051_rom/mc8051_rom/vivado.log
# Journal file: C:/Users/hafer/Desktop/VHDL/mc8051_basys3/hw/generate/artix7_xc7a35tcpg263_1/mc8051_rom/mc8051_rom\vivado.jou
#-----------------------------------------------------------
start_gui
open_checkpoint {C:\Users\hafer\Desktop\VHDL\mc8051_basys3\hw\generate\artix7_xc7a35tcpg263_1\mc8051_rom\mc8051_rom\mc8051_rom.dcp}
