#-----------------------------------------------------------
# Vivado v2016.1 (64-bit)
# SW Build 1538259 on Fri Apr  8 15:45:27 MDT 2016
# IP Build 1537824 on Fri Apr  8 04:28:57 MDT 2016
# Start of session at: Tue Nov 14 16:18:15 2023
# Process ID: 29368
# Current directory: C:/Users/hafer/Desktop/VHDL/vga_controller_project/hw/generate/rom2/managed_ip_project
# Command line: vivado.exe -gui_launcher_event rodinguilauncherevent7980 C:\Users\hafer\Desktop\VHDL\vga_controller_project\hw\generate\rom2\managed_ip_project\managed_ip_project.xpr
# Log file: C:/Users/hafer/Desktop/VHDL/vga_controller_project/hw/generate/rom2/managed_ip_project/vivado.log
# Journal file: C:/Users/hafer/Desktop/VHDL/vga_controller_project/hw/generate/rom2/managed_ip_project\vivado.jou
#-----------------------------------------------------------
start_gui
open_project C:/Users/hafer/Desktop/VHDL/vga_controller_project/hw/generate/rom2/managed_ip_project/managed_ip_project.xpr
set_property -dict [list CONFIG.Coe_File {C:/Users/hafer/Desktop/VHDL/vga_controller_project/images/custom.coe}] [get_ips rom2]
generate_target all [get_files  C:/Users/hafer/Desktop/VHDL/vga_controller_project/hw/generate/rom2/rom2/rom2.xci]
export_ip_user_files -of_objects [get_files C:/Users/hafer/Desktop/VHDL/vga_controller_project/hw/generate/rom2/rom2/rom2.xci] -no_script -force -quiet
reset_run rom2_synth_1
launch_run -jobs 12 rom2_synth_1
export_simulation -of_objects [get_files C:/Users/hafer/Desktop/VHDL/vga_controller_project/hw/generate/rom2/rom2/rom2.xci] -directory C:/Users/hafer/Desktop/VHDL/vga_controller_project/hw/generate/rom2/ip_user_files/sim_scripts -ip_user_files_dir C:/Users/hafer/Desktop/VHDL/vga_controller_project/hw/generate/rom2/ip_user_files -ipstatic_source_dir C:/Users/hafer/Desktop/VHDL/vga_controller_project/hw/generate/rom2/ip_user_files/ipstatic -force -quiet
set_property -dict [list CONFIG.Coe_File {C:/Users/hafer/Desktop/VHDL/vga_controller_project/images/custom.coe}] [get_ips rom2]
generate_target all [get_files  C:/Users/hafer/Desktop/VHDL/vga_controller_project/hw/generate/rom2/rom2/rom2.xci]
export_ip_user_files -of_objects [get_files C:/Users/hafer/Desktop/VHDL/vga_controller_project/hw/generate/rom2/rom2/rom2.xci] -no_script -force -quiet
reset_run rom2_synth_1
launch_run -jobs 12 rom2_synth_1
export_simulation -of_objects [get_files C:/Users/hafer/Desktop/VHDL/vga_controller_project/hw/generate/rom2/rom2/rom2.xci] -directory C:/Users/hafer/Desktop/VHDL/vga_controller_project/hw/generate/rom2/ip_user_files/sim_scripts -ip_user_files_dir C:/Users/hafer/Desktop/VHDL/vga_controller_project/hw/generate/rom2/ip_user_files -ipstatic_source_dir C:/Users/hafer/Desktop/VHDL/vga_controller_project/hw/generate/rom2/ip_user_files/ipstatic -force -quiet
set_property -dict [list CONFIG.Coe_File {C:/Users/hafer/Desktop/VHDL/vga_controller_project/images/custom.coe}] [get_ips rom2]
generate_target all [get_files  C:/Users/hafer/Desktop/VHDL/vga_controller_project/hw/generate/rom2/rom2/rom2.xci]
export_ip_user_files -of_objects [get_files C:/Users/hafer/Desktop/VHDL/vga_controller_project/hw/generate/rom2/rom2/rom2.xci] -no_script -force -quiet
reset_run rom2_synth_1
launch_run -jobs 12 rom2_synth_1
export_simulation -of_objects [get_files C:/Users/hafer/Desktop/VHDL/vga_controller_project/hw/generate/rom2/rom2/rom2.xci] -directory C:/Users/hafer/Desktop/VHDL/vga_controller_project/hw/generate/rom2/ip_user_files/sim_scripts -ip_user_files_dir C:/Users/hafer/Desktop/VHDL/vga_controller_project/hw/generate/rom2/ip_user_files -ipstatic_source_dir C:/Users/hafer/Desktop/VHDL/vga_controller_project/hw/generate/rom2/ip_user_files/ipstatic -force -quiet
set_property -dict [list CONFIG.Coe_File {C:/Users/hafer/Desktop/VHDL/vga_controller_project/images/toto.coe}] [get_ips rom2]
generate_target all [get_files  C:/Users/hafer/Desktop/VHDL/vga_controller_project/hw/generate/rom2/rom2/rom2.xci]
export_ip_user_files -of_objects [get_files C:/Users/hafer/Desktop/VHDL/vga_controller_project/hw/generate/rom2/rom2/rom2.xci] -no_script -force -quiet
reset_run rom2_synth_1
launch_run -jobs 12 rom2_synth_1
export_simulation -of_objects [get_files C:/Users/hafer/Desktop/VHDL/vga_controller_project/hw/generate/rom2/rom2/rom2.xci] -directory C:/Users/hafer/Desktop/VHDL/vga_controller_project/hw/generate/rom2/ip_user_files/sim_scripts -ip_user_files_dir C:/Users/hafer/Desktop/VHDL/vga_controller_project/hw/generate/rom2/ip_user_files -ipstatic_source_dir C:/Users/hafer/Desktop/VHDL/vga_controller_project/hw/generate/rom2/ip_user_files/ipstatic -force -quiet
set_property -dict [list CONFIG.Coe_File {C:/Users/hafer/Desktop/VHDL/vga_controller_project/images/cat_closed.coe}] [get_ips rom2]
generate_target all [get_files  C:/Users/hafer/Desktop/VHDL/vga_controller_project/hw/generate/rom2/rom2/rom2.xci]
export_ip_user_files -of_objects [get_files C:/Users/hafer/Desktop/VHDL/vga_controller_project/hw/generate/rom2/rom2/rom2.xci] -no_script -force -quiet
reset_run rom2_synth_1
launch_run -jobs 12 rom2_synth_1
export_simulation -of_objects [get_files C:/Users/hafer/Desktop/VHDL/vga_controller_project/hw/generate/rom2/rom2/rom2.xci] -directory C:/Users/hafer/Desktop/VHDL/vga_controller_project/hw/generate/rom2/ip_user_files/sim_scripts -ip_user_files_dir C:/Users/hafer/Desktop/VHDL/vga_controller_project/hw/generate/rom2/ip_user_files -ipstatic_source_dir C:/Users/hafer/Desktop/VHDL/vga_controller_project/hw/generate/rom2/ip_user_files/ipstatic -force -quiet
close_project
create_project managed_ip_project C:/Users/hafer/Desktop/VHDL/vga_controller_project/hw/generate/rom3/managed_ip_project -part xc7a35tcpg236-1 -ip
set_property target_language VHDL [current_project]
set_property target_simulator ModelSim [current_project]
create_ip -name blk_mem_gen -vendor xilinx.com -library ip -version 8.3 -module_name rom3 -dir C:/Users/hafer/Desktop/VHDL/vga_controller_project/hw/generate/rom3
set_property -dict [list CONFIG.Memory_Type {Single_Port_ROM} CONFIG.Write_Width_A {12} CONFIG.Write_Depth_A {10000} CONFIG.Enable_A {Always_Enabled} CONFIG.Load_Init_File {true} CONFIG.Coe_File {C:/Users/hafer/Desktop/VHDL/vga_controller_project/images/cat_open.coe} CONFIG.Read_Width_A {12} CONFIG.Write_Width_B {12} CONFIG.Read_Width_B {12} CONFIG.Port_A_Write_Rate {0}] [get_ips rom3]
generate_target {instantiation_template} [get_files c:/Users/hafer/Desktop/VHDL/vga_controller_project/hw/generate/rom3/rom3/rom3.xci]
generate_target all [get_files  c:/Users/hafer/Desktop/VHDL/vga_controller_project/hw/generate/rom3/rom3/rom3.xci]
export_ip_user_files -of_objects [get_files c:/Users/hafer/Desktop/VHDL/vga_controller_project/hw/generate/rom3/rom3/rom3.xci] -no_script -force -quiet
create_ip_run [get_files -of_objects [get_fileset sources_1] c:/Users/hafer/Desktop/VHDL/vga_controller_project/hw/generate/rom3/rom3/rom3.xci]
launch_run -jobs 12 rom3_synth_1
export_simulation -of_objects [get_files c:/Users/hafer/Desktop/VHDL/vga_controller_project/hw/generate/rom3/rom3/rom3.xci] -directory C:/Users/hafer/Desktop/VHDL/vga_controller_project/hw/generate/rom3/ip_user_files/sim_scripts -ip_user_files_dir C:/Users/hafer/Desktop/VHDL/vga_controller_project/hw/generate/rom3/ip_user_files -ipstatic_source_dir C:/Users/hafer/Desktop/VHDL/vga_controller_project/hw/generate/rom3/ip_user_files/ipstatic -force -quiet
